// Jest Snapshot v1, https://goo.gl/fbAQLP

exports[`Tweet renders correctly 1`] = `
<div
  style={
    Object {
      "flexDirection": "row",
      "flexGrow": 0,
      "flexShrink": 1,
    }
  }
>
  <span
    style={
      Object {
        "flexDirection": "row",
      }
    }
    unstable__transformChildren={[Function]}
  >
    [07:35]
  </span>
  <span
    style={
      Object {
        "flexDirection": "row",
      }
    }
    unstable__transformChildren={[Function]}
  >
     Die Bahnübergangsstörung ist behoben. Der Regelbetrieb wird wieder aufgenommen. #S3 #hvv #sbahnhh
  </span>
</div>
`;
